// Jest Snapshot v1, https://goo.gl/fbAQLP

exports[`renders correctly 1`] = `
<View>
  <View
    style={
      Object {
        "alignItems": "center",
        "backgroundColor": "#fff",
        "flex": 1,
        "justifyContent": "center",
        "paddingBottom": 0,
      }
    }
  >
    <Text>
      Slide 1
    </Text>
  </View>
  <View
    style={
      Object {
        "alignItems": "center",
        "backgroundColor": "red",
        "flex": 1,
        "justifyContent": "center",
        "paddingTop": 0,
      }
    }
  >
    <Text>
      Slide 2
    </Text>
  </View>
</View>
`;
